"blank"					"=========================="
"blank"					" Movement "
"blank"					"=========================="
"+forward"				"Move forward"
"+back"					"Move back"
"+left"					"Turn left"
"+right"				"Turn right"
"+moveleft"				"Move left (strafe)"
"+moveright"				"Move right (strafe)"
"+speed"            			"Walk"
"+jump"					"Jump"
"+moveup"				"Fly/Swim up"
"+movedown"				"Fly/Swim down"
"+lookup"				"Look up"
"+lookdown"				"Look down"
"+strafe"				"Strafe modifier"
"+mlook"				"Mouse look"
"+klook"				"Keyboard look"
"togglefly"				"Toggly flying mode"
"teleport"				"Teleport"
"blank"					"=========================="
"blank"					" Combat "
"blank"					"=========================="
"+attack"				"Fire"
"+attack2"				"Attacks special function"
"invprev"				"Previous attack (Optional)"
"invnext"				"Next attack (Optional)"
"lastinv"				"Last used attack (Optional)"
"+use"					"Use item"
"turbo"					"Turbo"
"+block"				"Block"
"+powerup"				"Powerup"
"slot10"				"Menu Item 0"
"slot1"					"Menu Item 1"
"slot2"					"Menu Item 2"
"slot3" 				"Menu Item 3"
"slot4"					"Menu Item 4"
"slot5"					"Menu Item 5"
"slot6"					"Menu Item 6"
"slot7"					"Menu Item 7"
"slot8"					"Menu Item 8"
"slot9"					"Menu Item 9"
"change_class"				"Change your player's class"
"change_team"				"Change team"
"scouter"				"Toggle scouter"
"ascend"				"Ascend"
"descend"				"Descend"
"blank"					"=========================="
"blank"					" Communication "
"blank"					"=========================="
"messagemode"				"Chat message"
"messagemode2"				"Team Chat message"
"+voicerecord"				"Use voice communication"
"blank"					"=========================="
"blank"					" Camera movement "
"blank"					"=========================="
"toggleview"				"Change to 3rd/1st view"
"+camin"				"Zoom in"
"+camout"				"Zoom out"
"+camyawleft"				"Camera left"
"+camyawright"				"Camera right"
"+cammousemove" 			"Mouse move"
"resetview"				"Reset view"
"centerview"				"Center view"
"blank"					"=========================="
"blank"					" Miscellaneous "
"blank"					"=========================="
"+showscores"				"Display multiplayer scores"
"snapshot"				"Take screen shot"
"mp3player"				"Open mp3player menu"
"+duck"					"Spectator menu"
"quit"					"Quit game"
"credits"				"View Credits"
"blank"					"============================="
"blank"					"ESF Bot Commands"
"blank"					"============================="
"bot_menu"				"Bot Menu"
"+commandmenu"				"Bot Command Menu"
"bot_help"				"In game bot help"
