"="				"bot_menu"
"SHIFT"				"+commandmenu"
"-"				"bot_help"
"MOUSE1"			"+attack"
"ENTER"				"+attack"
"MOUSE2"			"+attack2"
"\\"				"+attack2"
"]"				"invnext"
"MWHEELDOWN"			"invnext"
"["				"invprev"
"MWHEELUP"			"invprev"
"q"				"lastinv"
"b"				"+use"
"f"				"togglefly"
"t"				"turbo"
"q"				"+block"
"e"				"+powerup"
"w"				"+forward"
"UPARROW"			"+forward"
"s"				"+back"
"DOWNARROW"			"+back"
"LEFTARROW"			"+left"
"RIGHTARROW"			"+right"
"a"				"+moveleft"
"d"				"+moveright"
"c"				"change_class"
"SHIFT"				"+speed"
"SPACE"				"+jump"
"'"				"+moveup"
"/"				"+movedown"
"PGUP"				"+lookup"
"PGDN"				"+lookdown"
"END"				"centerview"
"ALT"				"+strafe"
";"				"+mlook"
"INS"				"+klook"
"k"				"+voicerecord"
"1"				"slot1"
"2"				"slot2"
"3"				"slot3"
"4"				"slot4"
"5"				"slot5"
"6"				"slot6"
"7"				"slot7"
"8"				"slot8"
"9"				"slot9"
"0"				"slot10"
"TAB"				"+showscores"
"y"				"messagemode"
"u"				"messagemode2"
"F3"				"credits"
"F4"				"toggleview"
"F5"				"snapshot"
"F6"				"save quick"
"F7"				"load quick"
"F8"				"mp3player"
"F9"				"scouter"
"F10"				"quit prompt"
"F11"				"+duck"
"PAUSE"				"pause"
"ESCAPE"			"escape"
"~"				"toggleconsole"
"`"				"toggleconsole"
"+"				"sizeup"
"="				"sizeup"
"-"				"sizedown"
"c"				"change_class"
"g"				"teleport"
"v"				"change_team"
"z"				"ascend"
"x"				"descend"
"i"				"+camin"
"k"				"+camout"
"j"				"+camyawleft"
"l"				"+camyawright"
"/" 			"+cammousemove"
"HOME"		"resetview"